ÂëΩ‰ª§Á®øÂïüÂãïÊñº 2018Âπ¥03Êúà11Êó• ‰∏ãÂçà 04:01:16
]0;~/lab1/lab1
[32muser@Happy [33m~/lab1/lab1[0m
$ whoami.script[K[K[K[K[K[K[K; pwd
user
/home/user/lab1/lab1
]0;~/lab1/lab1
[32muser@Happy [33m~/lab1/lab1[0m
$ git congi[K[Kfig-[K -l
user.email=happy@gmail.com
user.name=happy210168
core.repositoryformatversion=0
core.filemode=true
core.bare=false
core.logallrefupdates=true
core.ignorecase=true
remote.origin.url=https://github.com/happy210168/lab1.git
remote.origin.fetch=+refs/heads/*:refs/remotes/origin/*
branch.master.remote=origin
branch.master.merge=refs/heads/master
]0;~/lab1/lab1
[32muser@Happy [33m~/lab1/lab1[0m
$ ls
lab1.cpp  lab1.script  README.md
]0;~/lab1/lab1
[32muser@Happy [33m~/lab1/lab1[0m
$ git add[K[K[K[K[K[K[Kgit add
Nothing specified, nothing added.
Maybe you wanted to say 'git add .'?
]0;~/lab1/lab1
[32muser@Happy [33m~/lab1/lab1[0m
$ [K$ git add .
]0;~/lab1/lab1
[32muser@Happy [33m~/lab1/lab1[0m
$ git status
On branch master
Your branch is up to date with 'origin/master'.

Changes to be committed:
  (use "git reset HEAD <file>..." to unstage)

	[32mnew file:   lab1.cpp[m
	[32mnew file:   lab1.script[m

]0;~/lab1/lab1
[32muser@Happy [33m~/lab1/lab1[0m
$ git [K[K[K[Kvim READEME.c[Kmd
[?2004h[?1049h[?1h=[?2004h[1;24r[?12h[?12l[27m[23m[29m[m[37m[40m[H[2J[?25l[24;1H"READEME.md" [Êú™ÂëΩÂêç][2;1H‚ñΩ[6n[2;1H  [1;1H[>c]10;?]11;?[1;1H[1m[33m  1 [m[37m[40m[4m                                                                            [m[37m[40m[2;1H[1m[34m~                                                                               [3;1H~                                                                               [4;1H~                                                                               [5;1H~                                                                               [6;1H~                                                                               [7;1H~                                                                               [8;1H~                                                                               [9;1H~                                                                               [10;1H~                                                                               [11;1H~                                                                               [12;1H~                                                                               [13;1H~                                                                               [14;1H~                                                                               [15;1H~                                                                               [16;1H~                                                                               [17;1H~                                                                               [18;1H~                                                                               [19;1H~                                                                               [20;1H~                                                                               [21;1H~                                                                               [22;1H~                                                                               [23;1H~                                                                               [m[37m[40m[24;63H0,0-1[8CÂÖ®ÈÉ®[1;5H[?25h[?25l[24;1H[K[24;1H:[?2004h[?25h[?25l[24;1H[K[24;63H0,0-1[8CÂÖ®ÈÉ®[1;5H[?25h[?25l[24;63H[K[24;1H:[?2004h[?25hq[?25l[?25h[?25l[?2004l[24;1H[K[24;1H[?2004l[?1l>[?25h[?1049l]0;~/lab1/lab1
[32muser@Happy [33m~/lab1/lab1[0m
$ f[Kls
lab1.cpp  lab1.script  README.md
]0;~/lab1/lab1
[32muser@Happy [33m~/lab1/lab1[0m
$ git commit
hint: Waiting for your editor to close the file... [?2004h[?1049h[?1h=[?2004h[1;24r[?12h[?12l[27m[23m[29m[m[H[2J[?25l[24;1H"~/lab1/lab1/.git/COMMIT_EDITMSG" 11L, 287C[2;1H# Please enter the commit message for your changes. Lines starting
# with '#' will be ignored, and an empty message aborts the commit.
#
# On branch master
# Your branch is up to date with 'origin/master'.
#
# Changes to be committed:
#[7Cnew file:   lab1.cpp
#[7Cnew file:   lab1.script
#
[1m[34m~                                                                               [13;1H~                                                                               [14;1H~                                                                               [15;1H~                                                                               [16;1H~                                                                               [17;1H~                                                                               [18;1H~                                                                               [19;1H~                                                                               [20;1H~                                                                               [21;1H~                                                                               [22;1H~                                                                               [23;1H~                                                                               [1;1H[?25h[?25l[m[24;1H[1m-- INSERT --[m[24;13H[K[1;1H[?25h[?25ld[?25h[?25l[1;1H[K[1;1H[?25h[?25l[2;23r[2;1H[L[1;24r[2;1H[?25h[?25l[3;23r[3;1H[L[1;24r[3;1H[?25h[2;1H[1;1H[?25l<[?25h[?25ll[?25h[?25l[1;2H[K[1;2H[?25h[?25ll[?25h[?25la[?25h[?25lb[?25h[?25l1[?25h[?25l [?25h[?25l[?25h[?25l<[?25h[?25l[2;23r[2;1H[L[1;24r[2;1H[?25h[?25l[1;23r[23;1H
[1;24r[1;1H<lab1<[23;1H[1m[34m~                                                                               [1;7H[?25h[?25l[m[1;6H[K[1;6H[?25h[?25l>[?25h[?25l[2;23r[2;1H[L[1;24r[2;1H[?25h[?25lc[?25h[?25lp[?25h[?25lp[?25h[?25l [?25h[?25l[?25h[?25l[2;3H[K[2;3H[?25h[?25l[2;2H[K[2;2H[?25h[?25l[2;1H[K[2;1H[?25h[?25lm[?25h[?25ly[?25h[?25l [?25h[?25lh[?25h[?25lo[?25h[?25lm[?25h[?25le[?25h[?25l [?25h[?25l[?25h[?25lw[?25h[?25lo[?25h[?25lr[?25h[?25l[2;10H[K[2;10H[?25h[?25l[2;9H[K[2;9H[?25h[?25l[2;8H[K[2;8H[?25h[?25l[2;7H[K[2;7H[?25h[?25l[2;6H[K[2;6H[?25h[?25l[2;5H[K[2;5H[?25h[?25l[2;4H[K[2;4H[?25h[?25l[?25h[?25l[2;2H[K[2;2H[?25h[?25l[2;1H[K[2;1H[?25h[?25lh[?25h[?25la[?25h[?25lp[?25h[?25lp[?25h[?25ly[?25h[?25l [?25h[?25ll[?25h[?25la[?25h[?25lb[?25h[?25l1[?25h[?25l[2;10H[K[2;10H[?25h[?25l[2;9H[K[2;9H[?25h[?25l[2;8H[K[2;8H[?25h[?25l[2;7H[K[2;7H[?25h[?25l[?25h[?25l[2;5H[K[2;5H[?25h[?25ly[?25h[?25l2[?25h[?25l1[?25h[?25l0[?25h[?25l1[?25h[?25l6[?25h[?25l8[?25h[?25l [?25h[?25ll[?25h[?25la[?25h[?25lb[?25h[?25l1[?25h[?25l-lab1[?25h[?25l lab1[?25h[?25llab1[2;18H[K[2;14H[?25h[?25l-lab1[?25h[?25l lab1[?25h[24;1H[K[2;15H[?25l[?25h[?25l[24;1H:[?2004h[?25hwq[?25l[?2004l".git/COMMIT_EDITMSG" 14L, 315C written
[?2004l[?1l>[?25h[?1049l[K[master 8567cb7] <lab1> happy210168 -- lab1
 2 files changed, 11 insertions(+)
 create mode 100644 lab1.cpp
 create mode 100644 lab1.script
]0;~/lab1/lab1
[32muser@Happy [33m~/lab1/lab1[0m
$ git push
Username for 'https://github.com': 
Password for 'https://hppy210168@github.com': 
remote: Invalid username or password.
fatal: Authentication failed for 'https://github.com/happy210168/lab1.git/'
]0;~/lab1/lab1
[32muser@Happy [33m~/lab1/lab1[0m
$ git push
Username for 'https://github.com': 
Password for 'https://happy210168@github.com': 
Counting objects: 4, done.
Delta compression using up to 4 threads.
Compressing objects:  33% (1/3)   Compressing objects:  66% (2/3)   Compressing objects: 100% (3/3)   Compressing objects: 100% (3/3), done.
Writing objects:  25% (1/4)   Writing objects:  50% (2/4)   Writing objects:  75% (3/4)   Writing objects: 100% (4/4)   Writing objects: 100% (4/4), 383 bytes | 127.00 KiB/s, done.
Total 4 (delta 0), reused 0 (delta 0)
To https://github.com/happy210168/lab1.git
   9e46604..8567cb7  master -> master
]0;~/lab1/lab1
[32muser@Happy [33m~/lab1/lab1[0m
$ ls
lab1.cpp  lab1.script  README.md
]0;~/lab1/lab1
[32muser@Happy [33m~/lab1/lab1[0m
$ lab[K[K[Kvim lab1.cp
[?2004h[?1049h[?1h=[?2004h[1;24r[?12h[?12l[27m[23m[29m[m[37m[40m[H[2J[?25l[24;1H"lab1.cp" [Êú™ÂëΩÂêç][2;1H‚ñΩ[6n[2;1H  [1;1H[>c]10;?]11;?[1;1H[1m[33m  1 [m[37m[40m[4m                                                                            [m[37m[40m[2;1H[1m[34m~                                                                               [3;1H~                                                                               [4;1H~                                                                               [5;1H~                                                                               [6;1H~                                                                               [7;1H~                                                                               [8;1H~                                                                               [9;1H~                                                                               [10;1H~                                                                               [11;1H~                                                                               [12;1H~                                                                               [13;1H~                                                                               [14;1H~                                                                               [15;1H~                                                                               [16;1H~                                                                               [17;1H~                                                                               [18;1H~                                                                               [19;1H~                                                                               [20;1H~                                                                               [21;1H~                                                                               [22;1H~                                                                               [23;1H~                                                                               [m[37m[40m[24;63H0,0-1[8CÂÖ®ÈÉ®[1;5H[?25h[?25l[24;1H[K[24;1H:[?2004h[?25hq[?25l[?25h[?25l[?2004l[24;1H[K[24;1H[?2004l[?1l>[?25h[?1049l]0;~/lab1/lab1
[32muser@Happy [33m~/lab1/lab1[0m
$ vim lab1.cpp
[?2004h[?1049h[?1h=[?2004h[1;24r[?12h[?12l[27m[23m[29m[m[37m[40m[H[2J[?25l[24;1H"lab1.cpp" 11L, 72C[2;1H‚ñΩ[6n[2;1H  [1;1H[>c]10;?]11;?[1;1H[1m[33m  1 [m[37m[40m[1m[34m#include[m[37m[40m[1m[35m<iostream>[m[37m[40m
[1m[33m  2 [m[37m[40m[33musing[m[37m[40m [32mnamespace[m[37m[40m std;
[1m[33m  3 [m[37m[40m[32mint[m[37m[40m main(){
[1m[33m  4 
  5 [m[37m[40m[4m                                                                            [m[37m[40m[6;1H[1m[33m  6 
  7 
  8 
  9 
 10 [m[37m[40m  [33mreturn[m[37m[40m [1m[35m0[m[37m[40m;
[1m[33m 11 [m[37m[40m}
[1m[34m~                                                                               [13;1H~                                                                               [14;1H~                                                                               [15;1H~                                                                               [16;1H~                                                                               [17;1H~                                                                               [18;1H~                                                                               [19;1H~                                                                               [20;1H~                                                                               [21;1H~                                                                               [22;1H~                                                                               [23;1H~                                                                               [m[37m[40m[24;63H5,0-1[8CÂÖ®ÈÉ®[5;5H[?25h[?25l[4;5H[4m                                                                            [m[37m[40m[5;5H[K[24;63H4,1-2[4;6H[?25h[?25l[24;1H[1m-- ÊèíÂÖ• --[m[37m[40m[24;12H[K[24;63H4,2-3[8CÂÖ®ÈÉ®[4;7H[?25h[?25l[24;65H1  [4;5H[?25h[?25l[4mf[m[37m[40m[24;65H2[4;6H[?25h[?25l[4m [m[37m[40m[24;65H1[4;5H[?25h[?25l[24;65H2[4;6H[?25h[?25l[24;65H1[4;5H[?25h[?25l[4mc[m[37m[40m[24;65H2[4;6H[?25h[?25l[4mi[m[37m[40m[24;65H3[4;7H[?25h[?25l[4mn[m[37m[40m[24;65H4[4;8H[?25h[?25l[4m [m[37m[40m[24;65H3[4;7H[?25h[?25l[4m [m[37m[40m[24;65H2[4;6H[?25h[?25l[4m [m[37m[40m[24;65H1[4;5H[?25h[?25l[24;65H2-3[4;7H[?25h[?25l[4mc[m[37m[40m[24;65H3-4[4;8H[?25h[?25l[4mi[m[37m[40m[24;65H4-5[4;9H[?25h[?25l[4mn[m[37m[40m[24;65H5-6[4;10H[?25h[?25l[4m<[m[37m[40m[24;65H6-7[4;11H[?25h[?25l[4m<[m[37m[40m[24;65H7-8[4;12H[?25h[?25l[24;65H8-9[4;13H[?25h[?25l[24;65H7-8[4;12H[?25h[?25l[4mf[m[37m[40m[24;65H8-9[4;13H[?25h[?25l[4m [m[37m[40m[24;65H7-8[4;12H[?25h[?25l[24;65H8-9[4;13H[?25h[?25l[24;65H7-8[4;12H[?25h[?25l[4m [m[37m[40m[24;65H6-7[4;11H[?25h[?25l[4m [m[37m[40m[24;65H5-6[4;10H[?25h[?25l[24;65H6-7[4;11H[?25h[?25l[4m<[m[37m[40m[24;65H7-8[4;12H[?25h[?25l[4m<[m[37m[40m[24;65H8-9[4;13H[?25h[?25l[24;65H9-10[4;14H[?25h[?25l[24;65H10-11[4;15H[?25h[?25l[24;65H9-10 [4;14H[?25h[?25l[4mf[m[37m[40m[24;65H10-11[4;15H[?25h[?25l[4m [m[37m[40m[24;65H9-10 [4;14H[?25h[?25l[24;1H[K[4;14H[1m[4m[35m""[m[37m[40m[24;63H4,10-11      ÂÖ®ÈÉ®[4;15H[?25h[?25l[24;1H[1m-- ÊèíÂÖ• --[m[37m[40m[24;63H[K[24;63H4,10-11      ÂÖ®ÈÉ®[4;15H[?25h[?25l[1m[4m[35md"[m[37m[40m[24;66H1-12[4;16H[?25h[?25l[1m[4m[35m"[m[37m[40m[4m  [m[37m[40m[24;66H0-11[4;15H[?25h[?25l[1m[4m[35mf"[m[37m[40m[24;66H1-12[4;16H[?25h[?25l[1m[4m[35m"[m[37m[40m[4m  [m[37m[40m[24;66H0-11[4;15H[?25h[?25l[24;66H1-12[4;16H[?25h[?25l[4m  [m[37m[40m[24;66H0-11[4;15H[?25h[?25l[4m  [m[37m[40m[24;65H9-10 [4;14H[?25h[?25l[4mn[m[37m[40m[24;65H10-11[4;15H[?25h[?25l[4mu[m[37m[40m[24;66H1-12[4;16H[?25h[?25l[4mm[m[37m[40m[24;66H2-13[4;17H[?25h[?25l[4m [m[37m[40m[24;66H1-12[4;16H[?25h[?25l[4m [m[37m[40m[24;66H0-11[4;15H[?25h[?25l[4m [m[37m[40m[24;65H9-10 [4;14H[?25h[?25l[4mn[m[37m[40m[24;65H10-11[4;15H[?25h[?25l[4mu[m[37m[40m[24;66H1-12[4;16H[?25h[?25l[4mm[m[37m[40m[24;66H2-13[4;17H[?25h[?25l[4m [m[37m[40m[24;66H1-12[4;16H[?25h[?25l[4m [m[37m[40m[24;66H0-11[4;15H[?25h[?25l[4m [m[37m[40m[24;65H9-10 [4;14H[?25h[?25l[24;65H8-9 [4;13H[?25h[?25l[24;65H9-10[4;14H[?25h[?25l[4mn[m[37m[40m[24;65H10-11[4;15H[?25h[?25l[4mu[m[37m[40m[24;66H1-12[4;16H[?25h[?25l[4mm[m[37m[40m[24;66H2-13[4;17H[?25h[?25l[24;66H3-14[4;18H[?25h[?25l[4m<[m[37m[40m[24;66H4-15[4;19H[?25h[?25l[4m<[m[37m[40m[24;66H5-16[4;20H[?25h[?25l[24;66H6-17[4;21H[?25h[?25l[4me[m[37m[40m[24;66H7-18[4;22H[?25h[?25l[4mn[m[37m[40m[24;66H8-19[4;23H[?25h[?25l[4md[m[37m[40m[24;66H9-20[4;24H[?25h[?25l[24;65H20-21[4;25H[?25h[?25l[1m[4m[35m1[m[37m[40m[24;66H1-22[4;26H[?25h[?25l[4m  [m[37m[40m[24;66H0-21[4;25H[?25h[?25l[24;65H19-20[4;24H[?25h[?25l[4m1[m[37m[40m[24;65H20-21[4;25H[?25h[?25l[24;66H1-22[4;26H[?25h[?25l[24;66H0-21[4;25H[?25h[?25l[4m [m[37m[40m[24;65H19-20[4;24H[?25h[?25l[4m [m[37m[40m[24;66H8-19[4;23H[?25h[?25l[4m [m[37m[40m[24;66H7-18[4;22H[?25h[?25l[4m [m[37m[40m[24;66H6-17[4;21H[?25h[?25l[24;66H5-16[4;20H[?25h[?25l[4m [m[37m[40m[24;66H4-15[4;19H[?25h[?25l[4m [m[37m[40m[24;66H3-14[4;18H[?25h[?25l[24;66H2-13[4;17H[?25h[?25l[4m;[m[37m[40m[24;66H3-14[4;18H[?25h[?25l[24;66H4-15[4;19H[?25h[?25l[24;66H3-14[4;18H[?25h[?25l[4m [m[37m[40m[24;66H2-13[4;17H[?25h[?25l[24;66H3-14[4;18H[?25h[?25l[4m;[m[37m[40m[24;66H4-15[4;19H[?25h[?25l[4m [m[37m[40m[24;66H3-14[4;18H[?25h[?25l[24;66H2-13[4;17H[?25h[?25l[4m;[m[37m[40m[24;66H3-14[4;18H[?25h[?25l[4m [m[37m[40m[24;66H2-13[4;17H[?25h[?25l[24;66H3-14[4;18H[?25h[?25l[4m;[m[37m[40m[24;66H4-15[4;19H[?25h[?25l[4;5H  cin << num ;[4;19H[K[5;5H[4m                                                                            [m[37m[40m[10;7H[K[11;5H  [33mreturn[m[37m[40m [1m[35m0[m[37m[40m;
[1m[33m 12 [m[37m[40m}[12;6H[K[24;63H5,2-3  [5;7H[?25h[?25l[4mc[m[37m[40m[24;65H3-4[5;8H[?25h[?25l[4mo[m[37m[40m[24;65H4-5[5;9H[?25h[?25l[4mu[m[37m[40m[24;65H5-6[5;10H[?25h[?25l[4mt[m[37m[40m[24;65H6-7[5;11H[?25h[?25l[24;65H7-8[5;12H[?25h[?25l[24;65H6-7[5;11H[?25h[?25l[4m [m[37m[40m[24;65H5-6[5;10H[?25h[?25l[4m [m[37m[40m[24;65H4-5[5;9H[?25h[?25l[4m [m[37m[40m[24;65H3-4[5;8H[?25h[?25l[4m [m[37m[40m[24;65H2-3[5;7H[?25h[?25l[4mi[m[37m[40m[24;65H3-4[5;8H[?25h[?25l[4m[33mif[m[37m[40m[24;65H4-5[5;9H[?25h[?25l[24;65H5-6[5;10H[?25h[?25l[24;65H4-5[5;9H[?25h[?25l[4mi [m[37m[40m[24;65H3-4[5;8H[?25h[?25l[4m [m[37m[40m[24;65H2-3[5;7H[?25h[?25l[24;65H1  [5;5H[?25h[?25l[4;5H[4m  cin << num ;                                                              [m[37m[40m[5;5H[K[24;63H4[4;5H[?25h[?25l[24;65H2-3[4;7H[?25h[?25l[24;65H3-4[4;8H[?25h[?25l[24;65H2-3[4;7H[?25h[?25l  [4;7H[K[5;5H[4m  cin << num ;                                                              [m[37m[40m[11;7H[K[12;5H  [33mreturn[m[37m[40m [1m[35m0[m[37m[40m;
[1m[33m 13 [m[37m[40m}[13;6H[K[24;63H5[5;7H[?25h[?25l[4;5H[4m                                                                            [m[37m[40m[5;5H  cin << num ;[5;19H[K[24;63H4[4;7H[?25h[?25l[4mi[m[37m[40m[24;65H3-4[4;8H[?25h[?25l[4mn[m[37m[40m[24;65H4-5[4;9H[?25h[?25l[4m[32mint[m[37m[40m[24;65H5-6[4;10H[?25h[?25l[24;65H6-7[4;11H[?25h[?25l[4mm[m[37m[40m[24;65H7-8[4;12H[?25h[?25l[4m [m[37m[40m[24;65H6-7[4;11H[?25h[?25l[4mn[m[37m[40m[24;65H7-8[4;12H[?25h[?25l[4mu[m[37m[40m[24;65H8-9[4;13H[?25h[?25l[4mm[m[37m[40m[24;65H9-10[4;14H[?25h[?25l[4m;[m[37m[40m[24;65H10-11[4;15H[?25h[?25l[4;5H  [32mint[m[37m[40m num;[4;15H[K[5;5H[4m  cin << num ;                                                              [m[37m[40m[24;63H5[5;15H[?25h[?25l[5;5H  cin << num ;[5;19H[K[6;5H[4m                                                                            [m[37m[40m[24;63H6,1    [6;5H[?25h[?25l[24;65H2-3[6;7H[?25h[?25l[4mw[m[37m[40m[24;65H3-4[6;8H[?25h[?25l[4mh[m[37m[40m[24;65H4-5[6;9H[?25h[?25l[4mi[m[37m[40m[24;65H5-6[6;10H[?25h[?25l[4ml[m[37m[40m[24;65H6-7[6;11H[?25h[?25l[4m[33mwhile[m[37m[40m[24;65H7-8[6;12H[?25h[?25l[24;65H8-9[6;13H[?25h[?25l[24;65H7-8[6;12H[?25h[?25l[24;1H[K[6;12H[4m[46m()[m[37m[40m[24;63H6,8-9[8CÂÖ®ÈÉ®[6;13H[?25h[?25l[24;1H[1m-- ÊèíÂÖ• --[m[37m[40m[24;63H[K[24;63H6,8-9[8CÂÖ®ÈÉ®[6;13H[?25h[?25l[4m[46m [m[37m[40m[4m) [m[37m[40m[4m[46m)[m[37m[40m[24;65H9-10[6;14H[?25h[?25l[4m)[m[37m[40m[4m[46m )[m[37m[40m[4m [m[37m[40m[24;65H8-9 [6;13H[?25h[?25l[4m[46mn[m[37m[40m[4m)n[m[37m[40m[4m[46m)[m[37m[40m[24;65H9-10[6;14H[?25h[?25l[4m[46mu[m[37m[40m[4m)u[m[37m[40m[4m[46m)[m[37m[40m[24;65H10-11[6;15H[?25h[?25l[4m[46mm[m[37m[40m[4m)m[m[37m[40m[4m[46m)[m[37m[40m[24;66H1-12[6;16H[?25h[?25l[4m[46m![m[37m[40m[4m)![m[37m[40m[4m[46m)[m[37m[40m[24;66H2-13[6;17H[?25h[?25l[4m[46m=[m[37m[40m[4m)=[m[37m[40m[4m[46m)[m[37m[40m[24;66H3-14[6;18H[?25h[?25l[4m[46m [m[37m[40m[4m) [m[37m[40m[4m[46m)[m[37m[40m[24;66H4-15[6;19H[?25h[?25l[4m)[m[37m[40m[4m[46m )[m[37m[40m[4m [m[37m[40m[24;66H3-14[6;18H[?25h[?25l[1m[4m[35m[46m1[m[37m[40m[4m)[m[37m[40m[1m[4m[35m1[m[37m[40m[4m[46m)[m[37m[40m[24;66H4-15[6;19H[?25h[?25l[4m[46m [m[37m[40m[4m) [m[37m[40m[4m[46m)[m[37m[40m[24;66H5-16[6;20H[?25h[?25l[4m)[m[37m[40m[4m[46m )[m[37m[40m[4m [m[37m[40m[24;66H4-15[6;19H[?25h[?25l[24;66H5-16[6;20H[?25h{[4m [?25l[m[37m[40m[6;5H  [33mwhile[m[37m[40m[46m([m[37m[40mnum!=[1m[35m1[m[37m[40m[46m)[m[37m[40m{[6;21H[K[7;5H[4m                                                                            [m[37m[40m[12;7H[K[13;5H  [33mreturn[m[37m[40m [1m[35m0[m[37m[40m;
[1m[33m 14 [m[37m[40m}[14;6H[K[6;12H([6C)[24;63H7,3-5  [7;9H[?25h[?25l[4mf[m[37m[40m[24;65H4-6[7;10H[?25h[?25l[4m [m[37m[40m[24;65H3-5[7;9H[?25h[?25l[4mn[m[37m[40m[24;65H4-6[7;10H[?25h[?25l[4mu[m[37m[40m[24;65H5-7[7;11H[?25h[?25l[4m [m[37m[40m[24;65H4-6[7;10H[?25h[?25l[4m [m[37m[40m[24;65H3-5[7;9H[?25h[?25l[4mi[m[37m[40m[24;65H4-6[7;10H[?25h[?25l[4m[33mif[m[37m[40m[24;65H5-7[7;11H[?25h[?25l[24;65H6-8[7;12H[?25h[?25l[24;65H5-7[7;11H[?25h[?25l[24;1H[K[7;11H[4m[46m()[m[37m[40m[24;63H7,6-8[8CÂÖ®ÈÉ®[7;12H[?25h[?25l[24;1H[1m-- ÊèíÂÖ• --[m[37m[40m[24;63H[K[24;63H7,6-8[8CÂÖ®ÈÉ®[7;12H[?25h[?25l[4m[46m [m[37m[40m[4m) [m[37m[40m[4m[46m)[m[37m[40m[24;65H7-9[7;13H[?25h[?25l[4m)[m[37m[40m[4m[46m )[m[37m[40m[4m [m[37m[40m[24;65H6-8[7;12H[?25h[?25l[4m[46mn[m[37m[40m[4m)n[m[37m[40m[4m[46m)[m[37m[40m[24;65H7-9[7;13H[?25h[?25l[4m[46mu[m[37m[40m[4m)u[m[37m[40m[4m[46m)[m[37m[40m[24;65H8-10[7;14H[?25h[?25l[4m[46mm[m[37m[40m[4m)m[m[37m[40m[4m[46m)[m[37m[40m[24;65H9-11[7;15H[?25h[?25l[4m[46m [m[37m[40m[4m) [m[37m[40m[4m[46m)[m[37m[40m[24;65H10-12[7;16H[?25h[?25l[4m[46m=[m[37m[40m[4m)=[m[37m[40m[4m[46m)[m[37m[40m[24;66H1-13[7;17H[?25h[?25l[4m)[m[37m[40m[4m[46m )[m[37m[40m[4m [m[37m[40m[24;66H0-12[7;16H[?25h[?25l[4m)[m[37m[40m[4m[46m )[m[37m[40m[4m [m[37m[40m[24;65H9-11 [7;15H[?25h[?25l[4m)[m[37m[40m[4m[46m )[m[37m[40m[4m [m[37m[40m[24;65H8-10[7;14H[?25h[?25l[4m[46mm[m[37m[40m[4m)m[m[37m[40m[4m[46m)[m[37m[40m[24;65H9-11[7;15H[?25h[?25l[4m[46m%[m[37m[40m[4m)%[m[37m[40m[4m[46m)[m[37m[40m[24;65H10-12[7;16H[?25h[?25l[1m[4m[35m[46m2[m[37m[40m[4m)[m[37m[40m[1m[4m[35m2[m[37m[40m[4m[46m)[m[37m[40m[24;66H1-13[7;17H[?25h[?25l[24;66H2-14[7;18H[?25h{[4m [?25l[m[37m[40m[7;5H    [33mif[m[37m[40m[46m([m[37m[40mnum%[1m[35m2[m[37m[40m[46m)[m[37m[40m{[7;19H[K[8;5H[4m                                                                            [m[37m[40m[13;7H[K[14;5H  [33mreturn[m[37m[40m [1m[35m0[m[37m[40m;
[1m[33m 15 [m[37m[40m}[15;6H[K[7;11H([5C)[24;63H8,4-7  [8;11H[?25h[?25l[4mf[m[37m[40m[24;65H5-8[8;12H[?25h[?25l[4m [m[37m[40m[24;65H4-7[8;11H[?25h[?25l[4mn[m[37m[40m[24;65H5-8[8;12H[?25h[?25l[4mu[m[37m[40m[24;65H6-9[8;13H[?25h[?25l[4mm[m[37m[40m[24;65H7-10[8;14H[?25h[?25l[24;65H8-11[8;15H[?25h[?25l[4m=[m[37m[40m[24;65H9-12[8;16H[?25h[?25l[24;65H10-13[8;17H[?25h[?25l[4mn[m[37m[40m[24;66H1-14[8;18H[?25h[?25l[4mu[m[37m[40m[24;66H2-15[8;19H[?25h[?25l[4mm[m[37m[40m[24;66H3-16[8;20H[?25h[?25l[4m*[m[37m[40m[24;66H4-17[8;21H[?25h[?25l[1m[4m[35m3[m[37m[40m[24;66H5-18[8;22H[?25h[?25l[24;66H6-19[8;23H[?25h[?25l[4m+[m[37m[40m[24;66H7-20[8;24H[?25h[?25l[1m[4m[35m1[m[37m[40m[24;66H8-21[8;25H[?25h[?25l[4m  [m[37m[40m[24;66H7-20[8;24H[?25h[?25l[24;66H8-21[8;25H[?25h[?25l[1m[4m[35m1[m[37m[40m[24;66H9-22[8;26H[?25h[?25l[4m;[m[37m[40m[24;65H20-23[8;27H[?25h[?25l[8;5H      num = num*[1m[35m3[m[37m[40m + [1m[35m1[m[37m[40m;[8;27H[K[9;5H[4m                                                                            [m[37m[40m[14;7H[K[15;5H  [33mreturn[m[37m[40m [1m[35m0[m[37m[40m;
[1m[33m 16 [m[37m[40m}[16;6H[K[24;63H9,4-7  [9;11H[?25h[?25l[24;65H3-5[9;9H[?25h[?25l[4me[m[37m[40m[24;65H4-6[9;10H[?25h[?25l[4ml[m[37m[40m[24;65H5-7[9;11H[?25h[?25l[4ms[m[37m[40m[24;65H6-8[9;12H[?25h[?25l[4m[33melse[m[37m[40m[24;65H7-9[9;13H[?25h[?25l[24;65H8-10[9;14H[?25h[?25l[9;5H    [33melse[m[37m[40m [9;14H[K[10;5H[4m                                                                            [m[37m[40m[15;7H[K[16;5H  [33mreturn[m[37m[40m [1m[35m0[m[37m[40m;
[1m[33m 17 [m[37m[40m}[17;6H[K[24;63H10,4-7[10;11H[?25h[?25l[24;66H3-5[10;9H[?25h[?25l[24;66H2-3[10;7H[?25h[?25l[24;66H1  [10;5H[?25h[?25l[9;5H[4m    [m[37m[40m[4m[33melse[m[37m[40m[4m                                                                    [m[37m[40m[10;5H[K[15;7H[33mreturn[m[37m[40m [1m[35m0[m[37m[40m;[16;5H}[16;7H[K[17;1H[1m[34m~                                                                               [m[37m[40m[24;63H9,8-10[9;14H[?25h{[4m [?25l[?25h[?25l[m[37m[40m[9;5H    [33melse[m[37m[40m [9;14H[K[10;5H[4m                                                                            [m[37m[40m[15;7H[K[16;5H  [33mreturn[m[37m[40m [1m[35m0[m[37m[40m;
[1m[33m 17 [m[37m[40m}[17;6H[K[24;63H10,4-7[10;11H[?25h[?25l[4mn[m[37m[40m[24;66H5-8[10;12H[?25h[?25l[4mu[m[37m[40m[24;66H6-9[10;13H[?25h[?25l[4mm[m[37m[40m[24;66H7-10[10;14H[?25h[?25l[4m [m[37m[40m[24;66H6-9 [10;13H[?25h[?25l[4m [m[37m[40m[24;66H5-8[10;12H[?25h[?25l[4m [m[37m[40m[24;66H4-7[10;11H[?25h[?25l[24;66H3-5[10;9H[?25h[?25l[24;66H2-3[10;7H[?25h[?25l[24;66H1  [10;5H[?25h[?25l[9;5H[4m    [m[37m[40m[4m[33melse[m[37m[40m[4m                                                                    [m[37m[40m[10;5H[K[15;7H[33mreturn[m[37m[40m [1m[35m0[m[37m[40m;[16;5H}[16;7H[K[17;1H[1m[34m~                                                                               [m[37m[40m[24;63H9,8-10[9;14H[?25h[?25l[8;5H[4m      num = num*[m[37m[40m[1m[4m[35m3[m[37m[40m[4m + [m[37m[40m[1m[4m[35m1[m[37m[40m[4m;                                                      [m[37m[40m[9;5H    [33melse[m[37m[40m [9;14H[K[24;63H8,7[8;14H[?25h[?25l[24;65H8-11[8;15H[?25h[?25l[24;65H9-12[8;16H[?25h[?25l[24;65H10-13[8;17H[?25h[?25l[24;66H1-14[8;18H[?25h[?25l[24;66H2-15[8;19H[?25h[?25l[24;66H3-16[8;20H[?25h[?25l[24;66H4-17[8;21H[?25h[?25l[24;66H5-18[8;22H[?25h[?25l[24;66H6-19[8;23H[?25h[?25l[24;66H7-20[8;24H[?25h[?25l[24;66H8-21[8;25H[?25h[?25l[24;66H9-22[8;26H[?25h[?25l[24;65H20-23[8;27H[?25h[?25l[8;5H      num = num*[1m[35m3[m[37m[40m + [1m[35m1[m[37m[40m;[8;27H[K[9;5H[4m                                                                            [m[37m[40m[10;9H[33melse[m[37m[40m[15;7H[K[16;5H  [33mreturn[m[37m[40m [1m[35m0[m[37m[40m;
[1m[33m 17 [m[37m[40m}[17;6H[K[24;63H9,4-7  [9;11H[?25h[?25l[24;65H3-5[9;9H[?25h[?25l[4m}[m[37m[40m[7;18H[46m{[m[37m[40m[9;9H[4m[46m}[m[37m[40m[24;65H4-6[9;10H[?25h[?25l    [46m}[m[37m[40m[9;10H[K[10;5H[4m    [m[37m[40m[4m[33melse[m[37m[40m[4m                                                                    [m[37m[40m[7;18H{[9;9H}[24;63H10,4-6[10;10H[?25h[?25l[24;66H5-7[10;11H[?25h[?25l[24;66H6-8[10;12H[?25h[?25l[24;66H7-9[10;13H[?25h[?25l[24;66H6-8[10;12H[?25h[?25l[24;66H5-7[10;11H[?25h[?25l[24;66H4-6[10;10H[?25h[?25l[24;66H5-7[10;11H[?25h[?25l[24;66H6-8[10;12H[?25h[?25l[24;66H7-9[10;13H[?25h[?25l[24;66H8-10[10;14H[?25h[?25l[4me[m[37m[40m[24;66H9-11[10;15H[?25h[?25l[4m [m[37m[40m[24;66H8-10[10;14H[?25h[?25l[4mn[m[37m[40m[24;66H9-11[10;15H[?25h[?25l[4mu[m[37m[40m[24;66H10-12[10;16H[?25h[?25l[4mu[m[37m[40m[24;67H1-13[10;17H[?25h[?25l[4mm[m[37m[40m[24;67H2-14[10;18H[?25h[?25l[4m [m[37m[40m[24;67H1-13[10;17H[?25h[?25l[4m [m[37m[40m[24;67H0-12[10;16H[?25h[?25l[4m,[m[37m[40m[24;67H1-13[10;17H[?25h[?25l[4mm[m[37m[40m[24;67H2-14[10;18H[?25h[?25l[4m [m[37m[40m[24;67H1-13[10;17H[?25h[?25l[4m [m[37m[40m[24;67H0-12[10;16H[?25h[?25l[4mm[m[37m[40m[24;67H1-13[10;17H[?25h[?25l[24;67H2-14[10;18H[?25h[?25l[4m=[m[37m[40m[24;67H3-15[10;19H[?25h[?25l[24;67H4-16[10;20H[?25h[?25l[4mn[m[37m[40m[24;67H5-17[10;21H[?25h[?25l[4mu[m[37m[40m[24;67H6-18[10;22H[?25h[?25l[4mm[m[37m[40m[24;67H7-19[10;23H[?25h[?25l[24;67H8-20[10;24H[?25h[?25l[24;67H7-19[10;23H[?25h[?25l[4m\[m[37m[40m[24;67H8-20[10;24H[?25h[?25l[4m [m[37m[40m[24;67H7-19[10;23H[?25h[?25l[4m/[m[37m[40m[24;67H8-20[10;24H[?25h[?25l[1m[4m[35m2[m[37m[40m[24;67H9-21[10;25H[?25h[?25l[4m;[m[37m[40m[24;66H20-22[10;26H[?25h[?25l[10;5H    [33melse[m[37m[40m num = num/[1m[35m2[m[37m[40m;[10;26H[K[11;5H[4m                                                                            [m[37m[40m[16;7H[K[17;5H  [33mreturn[m[37m[40m [1m[35m0[m[37m[40m;
[1m[33m 18 [m[37m[40m}[18;6H[K[24;64H1,3-4  [11;8H[?25h[?25l[4mf[m[37m[40m[24;66H4-5[11;9H[?25h[?25l[4m [m[37m[40m[24;66H3-4[11;8H[?25h[?25l[24;66H2-3[11;7H[?25h[?25l[24;66H1  [11;5H[?25h[?25l[10;5H[4m    [m[37m[40m[4m[33melse[m[37m[40m[4m num = num/[m[37m[40m[1m[4m[35m2[m[37m[40m[4m;                                                       [m[37m[40m[11;5H[K[16;7H[33mreturn[m[37m[40m [1m[35m0[m[37m[40m;[17;5H}[17;7H[K[18;1H[1m[34m~                                                                               [m[37m[40m[24;64H0,20-22[10;26H[?25h[?25l[10;5H    [33melse[m[37m[40m num = num/[1m[35m2[m[37m[40m;[10;26H[K[11;5H[4m                                                                            [m[37m[40m[16;7H[K[17;5H  [33mreturn[m[37m[40m [1m[35m0[m[37m[40m;
[1m[33m 18 [m[37m[40m}[18;6H[K[24;64H1,2-3  [11;7H[?25h[?25l[4m}[m[37m[40m[6;20H[46m{[m[37m[40m[11;7H[4m[46m}[m[37m[40m[24;66H3-4[11;8H[?25h[?25l  [46m}[m[37m[40m [11;9H[K[12;5H[4m                                                                            [m[37m[40m[6;20H{[11;7H}[24;64H2,1  [12;5H[?25h[?25l[11;5H[4m  }                                                                         [m[37m[40m[12;5H[K[6;20H[46m{[m[37m[40m[11;7H[4m[46m}[m[37m[40m[24;64H1,3-4[11;8H[?25h[?25l[6;20H{[11;7H[4m}[m[37m[40m[24;66H4-5[11;9H[?25h[?25l[6;20H[46m{[m[37m[40m[11;7H[4m[46m}[m[37m[40m[24;66H3-4[11;8H[?25h[?25l  [46m}[m[37m[40m[11;8H[K[12;5H[4m                                                                            [m[37m[40m[17;7H[K[18;5H  [33mreturn[m[37m[40m [1m[35m0[m[37m[40m;
[1m[33m 19 [m[37m[40m}[19;6H[K[6;20H{[11;7H}[24;64H2,1  [12;5H[?25h[?25l[24;66H2-3[12;7H[?25h[?25l[24;66H1  [12;5H[?25h[?25l[11;5H[4m  }                                                                         [m[37m[40m[12;5H[K[17;7H[33mreturn[m[37m[40m [1m[35m0[m[37m[40m;[18;5H}[18;7H[K[19;1H[1m[34m~                                                                               [m[37m[40m[6;20H[46m{[m[37m[40m[11;7H[4m[46m}[m[37m[40m[24;64H1,3-4[11;8H[?25h[?25l[10;5H[4m    [m[37m[40m[4m[33melse[m[37m[40m[4m num = num/[m[37m[40m[1m[4m[35m2[m[37m[40m[4m;                                                       [m[37m[40m[11;5H  [46m}[m[37m[40m [11;9H[K[6;20H{[11;7H}[24;64H0,2-3[10;7H[?25h[?25l[9;5H[4m    }                                                                       [m[37m[40m[10;5H    [33melse[m[37m[40m num = num/[1m[35m2[m[37m[40m;[10;26H[K[24;63H9,2-3 [9;7H[?25h[?25l[7;18H[46m{[m[37m[40m[9;9H[4m[46m}[m[37m[40m[24;65H3-5[9;9H[?25h[?25l    [46m}[m[37m[40m[9;10H[K[10;5H[4m    [m[37m[40m[4m[33melse[m[37m[40m[4m num = num/[m[37m[40m[1m[4m[35m2[m[37m[40m[4m;                                                       [m[37m[40m[7;18H{[9;9H}[24;63H10,3-5[10;9H[?25h[?25l[24;66H4-6[10;10H[?25h[?25l[24;66H5-7[10;11H[?25h[?25l[24;66H6-8[10;12H[?25h[?25l[24;66H7-9[10;13H[?25h[?25l[24;66H8-10[10;14H[?25h[?25l[24;66H9-11[10;15H[?25h[?25l[24;66H10-12[10;16H[?25h[?25l[24;67H1-13[10;17H[?25h[?25l[24;67H2-14[10;18H[?25h[?25l[24;67H3-15[10;19H[?25h[?25l[24;67H4-16[10;20H[?25h[?25l[24;67H5-17[10;21H[?25h[?25l[24;67H6-18[10;22H[?25h[?25l[24;67H7-19[10;23H[?25h[?25l[24;67H8-20[10;24H[?25h[?25l[24;67H9-21[10;25H[?25h[?25l[24;66H20-22[10;26H[?25h[?25l[9;5H[4m    }                                                                       [m[37m[40m[10;5H    [33melse[m[37m[40m num = num/[1m[35m2[m[37m[40m;[10;26H[K[7;18H[46m{[m[37m[40m[9;9H[4m[46m}[m[37m[40m[24;63H9,4-6   [9;10H[?25h[?25l[8;5H[4m      num = num*[m[37m[40m[1m[4m[35m3[m[37m[40m[4m + [m[37m[40m[1m[4m[35m1[m[37m[40m[4m;                                                      [m[37m[40m[9;5H    [46m}[m[37m[40m[9;10H[K[7;18H{[9;9H}[24;63H8,19-22[8;26H[?25h[?25l[7;5H[4m    [m[37m[40m[4m[33mif[m[37m[40m[4m(num%[m[37m[40m[1m[4m[35m2[m[37m[40m[4m){                                                              [m[37m[40m[8;5H      num = num*[1m[35m3[m[37m[40m + [1m[35m1[m[37m[40m;[8;27H[K[7;18H[4m[46m{[m[37m[40m[9;9H[46m}[m[37m[40m[24;63H7,13-15[7;19H[?25h[?25l[6;5H[4m  [m[37m[40m[4m[33mwhile[m[37m[40m[4m(num!=[m[37m[40m[1m[4m[35m1[m[37m[40m[4m){                                                            [m[37m[40m[7;5H    [33mif[m[37m[40m(num%[1m[35m2[m[37m[40m)[46m{[m[37m[40m[7;19H[K[6;20H[4m[46m{[m[37m[40m[7;18H{[9;9H}[11;7H[46m}[m[37m[40m[24;63H6,16-17[6;21H[?25h[?25l[5;5H[4m  cin << num ;                                                              [m[37m[40m[6;5H  [33mwhile[m[37m[40m(num!=[1m[35m1[m[37m[40m)[46m{[m[37m[40m[6;21H[K[6;20H{[11;7H}[24;63H5,14-15[5;19H[?25h[?25l[5;5H  cin << num ;[5;19H[K[6;5H[4m  [m[37m[40m[4m[33mwhile[m[37m[40m[4m(num!=[m[37m[40m[1m[4m[35m1[m[37m[40m[4m){                                                            [m[37m[40m[6;20H[4m[46m{[m[37m[40m[11;7H[46m}[m[37m[40m[24;63H6,16-17[6;21H[?25h[?25l[6;5H  [33mwhile[m[37m[40m(num!=[1m[35m1[m[37m[40m)[46m{[m[37m[40m[6;21H[K[7;5H[4m    [m[37m[40m[4m[33mif[m[37m[40m[4m(num%[m[37m[40m[1m[4m[35m2[m[37m[40m[4m){                                                              [m[37m[40m[6;20H{[7;18H[4m[46m{[m[37m[40m[9;9H[46m}[m[37m[40m[11;7H}[24;63H7,13-15[7;19H[?25h[?25l[6;5H[4m  [m[37m[40m[4m[33mwhile[m[37m[40m[4m(num!=[m[37m[40m[1m[4m[35m1[m[37m[40m[4m){                                                            [m[37m[40m[7;5H    [33mif[m[37m[40m(num%[1m[35m2[m[37m[40m)[46m{[m[37m[40m[7;19H[K[6;20H[4m[46m{[m[37m[40m[7;18H{[9;9H}[11;7H[46m}[m[37m[40m[24;63H6,16-17[6;21H[?25h[?25l[5;5H[4m  cin << num ;                                                              [m[37m[40m[6;5H  [33mwhile[m[37m[40m(num!=[1m[35m1[m[37m[40m)[46m{[m[37m[40m[6;21H[K[6;20H{[11;7H}[24;63H5,14-15[5;19H[?25h[?25l[5;5H  cin << num ;[5;19H[K[6;5H[4m                                                                            [m[37m[40m[7;7H[33mwhile[m[37m[40m(num!=[1m[35m1[m[37m[40m){[8;9H[33mif[m[37m[40m(num%[1m[35m2[m[37m[40m){[8;19H[K[9;9H  num = num*[1m[35m3[m[37m[40m + [1m[35m1[m[37m[40m;[10;9H}[10;10H[K[11;7H  [33melse[m[37m[40m num = num/[1m[35m2[m[37m[40m;[12;7H}[17;7H[K[18;5H  [33mreturn[m[37m[40m [1m[35m0[m[37m[40m;
[1m[33m 19 [m[37m[40m}[19;6H[K[24;63H6,2-3  [6;7H[?25h[?25l[4mc[m[37m[40m[24;65H3-4[6;8H[?25h[?25l[4mo[m[37m[40m[24;65H4-5[6;9H[?25h[?25l[4mu[m[37m[40m[24;65H5-6[6;10H[?25h[?25l[4mt[m[37m[40m[24;65H6-7[6;11H[?25h[?25l[24;65H7-8[6;12H[?25h[?25l[24;65H6-7[6;11H[?25h[?25l[5;5H[4m  cin << num ;                                                              [m[37m[40m[6;5H  cout[6;11H[K[24;63H5[5;11H[?25h[?25l[24;65H7-8[5;12H[?25h[?25l[24;65H8-9[5;13H[?25h[?25l[4m num ; [m[37m[40m[24;65H7-8[5;12H[?25h[?25l[4m num ; [m[37m[40m[24;65H6-7[5;11H[?25h[?25l[4m> num ;[m[37m[40m[24;65H7-8[5;12H[?25h[?25l[4m> num ;[m[37m[40m[24;65H8-9[5;13H[?25h[?25l[5;5H  cin >> num ;[5;19H[K[6;5H[4m  cout                                                                      [m[37m[40m[24;63H6,6-7[6;11H[?25h[?25l[24;65H7-8[6;12H[?25h[?25l[4m<[m[37m[40m[24;65H8-9[6;13H[?25h[?25l[4m<[m[37m[40m[24;65H9-10[6;14H[?25h[?25l[24;65H10-11[6;15H[?25h[?25l[4mf[m[37m[40m[24;66H1-12[6;16H[?25h[?25l[4m [m[37m[40m[24;66H0-11[6;15H[?25h[?25l[4mn[m[37m[40m[24;66H1-12[6;16H[?25h[?25l[4mu[m[37m[40m[24;66H2-13[6;17H[?25h[?25l[4mm[m[37m[40m[24;66H3-14[6;18H[?25h[?25l[4m;[m[37m[40m[24;66H4-15[6;19H[?25h[?25l[4m [m[37m[40m[24;66H3-14[6;18H[?25h[?25l[4m;[m[37m[40m[24;66H4-15[6;19H[?25h[?25l[24;66H5-16[6;20H[?25h[?25l[24;66H4-15[6;19H[?25h[?25l[4m [m[37m[40m[24;66H3-14[6;18H[?25h[?25l[24;66H4-15[6;19H[?25h[?25l[4m;[m[37m[40m[24;66H5-16[6;20H[?25h[?25l[24;66H4-15[6;19H[?25h[?25l[24;66H5-16[6;20H[?25h[?25l[24;66H4-15[6;19H[?25h[?25l[24;66H3-14[6;18H[?25h[?25l[24;66H4-15[6;19H[?25h[?25l[4m; [m[37m[40m[24;66H3-14[6;18H[?25h[?25l[5;5H[4m  cin >> num ;                                                              [m[37m[40m[6;5H  cout << num;[6;19H[K[24;63H5[5;18H[?25h[?25l[24;66H4-15[5;19H[?25h[?25l[24;66H3-14[5;18H[?25h[?25l[4m; [m[37m[40m[24;66H2-13[5;17H[?25h[?25l[5;5H  cin >> num;[5;18H[K[6;5H[4m  cout << num;                                                              [m[37m[40m[24;63H6[6;17H[?25h[?25l[24;66H3-14[6;18H[?25h[?25l[4m ;[m[37m[40m[24;66H4-15[6;19H[?25h[?25l[24;66H3-14[6;18H[?25h[?25l[24;66H2-13[6;17H[?25h[?25l[24;66H1-12[6;16H[?25h[?25l[24;66H0-11[6;15H[?25h[?25l[24;65H9-10 [6;14H[?25h[?25l[24;65H10-11[6;15H[?25h[?25l[4mnum ; [m[37m[40m[24;65H9-10 [6;14H[?25h[?25l[4m num ;[m[37m[40m[24;65H10-11[6;15H[?25h[?25l[24;66H1-12[6;16H[?25h[?25l[24;66H2-13[6;17H[?25h[?25l[24;66H3-14[6;18H[?25h[?25l[24;66H4-15[6;19H[?25h[?25l[4m; [m[37m[40m[24;66H3-14[6;18H[?25h[?25l[6;5H  cout << num;[6;19H[K[7;5H[4m  [m[37m[40m[4m[33mwhile[m[37m[40m[4m(num!=[m[37m[40m[1m[4m[35m1[m[37m[40m[4m){                                                            [m[37m[40m[24;63H7[7;18H[?25h[?25l[7;5H  [33mwhile[m[37m[40m(num!=[1m[35m1[m[37m[40m){[7;21H[K[8;5H[4m    [m[37m[40m[4m[33mif[m[37m[40m[4m(num%[m[37m[40m[1m[4m[35m2[m[37m[40m[4m){                                                              [m[37m[40m[8;18H[4m[46m{[m[37m[40m[10;9H[46m}[m[37m[40m[24;63H8,12[8;18H[?25h[?25l[8;5H    [33mif[m[37m[40m(num%[1m[35m2[m[37m[40m)[46m{[m[37m[40m[8;19H[K[9;5H[4m      num = num*[m[37m[40m[1m[4m[35m3[m[37m[40m[4m + [m[37m[40m[1m[4m[35m1[m[37m[40m[4m;                                                      [m[37m[40m[8;18H{[10;9H}[24;63H9,11[9;18H[?25h[?25l[9;5H      num = num*[1m[35m3[m[37m[40m + [1m[35m1[m[37m[40m;[9;27H[K[10;5H[4m    }                                                                       [m[37m[40m[8;18H[46m{[m[37m[40m[10;9H[4m[46m}[m[37m[40m[24;63H10,4-6 [10;10H[?25h[?25l    [46m}[m[37m[40m[10;10H[K[11;5H[4m    [m[37m[40m[4m[33melse[m[37m[40m[4m num = num/[m[37m[40m[1m[4m[35m2[m[37m[40m[4m;                                                       [m[37m[40m[8;18H{[10;9H}[24;64H1,12-14[11;18H[?25h[?25l[24;67H3-15[11;19H[?25h[?25l[24;67H4-16[11;20H[?25h[?25l[24;67H5-17[11;21H[?25h[?25l[24;67H6-18[11;22H[?25h[?25l[24;67H7-19[11;23H[?25h[?25l[24;67H8-20[11;24H[?25h[?25l[24;67H9-21[11;25H[?25h[?25l[24;66H20-22[11;26H[?25h[?25l[11;5H    [33melse[m[37m[40m num = num/[1m[35m2[m[37m[40m;[11;26H[K[12;5H[4m                                                                            [m[37m[40m[13;7H}[18;7H[K[19;5H  [33mreturn[m[37m[40m [1m[35m0[m[37m[40m;
[1m[33m 20 [m[37m[40m}[20;6H[K[24;64H2,3-5  [12;9H[?25h[?25l[4mc[m[37m[40m[24;66H4-6[12;10H[?25h[?25l[4m [m[37m[40m[24;66H3-5[12;9H[?25h[?25l[4mc[m[37m[40m[24;66H4-6[12;10H[?25h[?25l[4mo[m[37m[40m[24;66H5-7[12;11H[?25h[?25l[4mu[m[37m[40m[24;66H6-8[12;12H[?25h[?25l[4mt[m[37m[40m[24;66H7-9[12;13H[?25h[?25l[24;66H8-10[12;14H[?25h[?25l[4m<[m[37m[40m[24;66H9-11[12;15H[?25h[?25l[4m<[m[37m[40m[24;66H10-12[12;16H[?25h[?25l[24;67H1-13[12;17H[?25h[?25l[4mn[m[37m[40m[24;67H2-14[12;18H[?25h[?25l[4mu[m[37m[40m[24;67H3-15[12;19H[?25h[?25l[4mm[m[37m[40m[24;67H4-16[12;20H[?25h[?25l[4m;[m[37m[40m[24;67H5-17[12;21H[?25h[?25l[24;67H4-16[12;20H[?25h[?25l[4m ;[m[37m[40m[24;67H5-17[12;21H[?25h[?25l[4m; [m[37m[40m[24;67H4-16[12;20H[?25h[?25l[24;67H5-17[12;21H[?25h[?25l[12;5H    cout << num;[12;21H[K[13;5H[4m  }                                                                         [m[37m[40m[24;64H3,4-5  [13;9H[?25h[?25l  } [13;9H[K[14;5H[4m                                                                            [m[37m[40m[19;7H[K[20;5H  [33mreturn[m[37m[40m [1m[35m0[m[37m[40m;
[1m[33m 21 [m[37m[40m}[21;6H[K[24;64H4,2-3[14;7H[?25h[?25l[4mc[m[37m[40m[24;66H3-4[14;8H[?25h[?25l[4mo[m[37m[40m[24;66H4-5[14;9H[?25h[?25l[4mu[m[37m[40m[24;66H5-6[14;10H[?25h[?25l[4mt[m[37m[40m[24;66H6-7[14;11H[?25h[?25l[24;66H7-8[14;12H[?25h[?25l[4m<[m[37m[40m[24;66H8-9[14;13H[?25h[?25l[4m<[m[37m[40m[24;66H9-10[14;14H[?25h[?25l[24;66H10-11[14;15H[?25h[?25l[1m[4m[35m1[m[37m[40m[24;67H1-12[14;16H[?25h[?25l[24;67H2-13[14;17H[?25h[?25l[24;67H1-12[14;16H[?25h[?25l[4m;[m[37m[40m[24;67H2-13[14;17H[?25h[?25l[24;67H3-14[14;18H[?25h[?25l[24;67H2-13[14;17H[?25h[?25l[4m [m[37m[40m[24;67H1-12[14;16H[?25h[?25l[4m  [m[37m[40m[24;67H0-11[14;15H[?25h[?25l[1m[4m[35m1[m[37m[40m[24;67H1-12[14;16H[?25h[?25l[24;67H2-13[14;17H[?25h[?25l[4m;[m[37m[40m[24;67H3-14[14;18H[?25h[?25l[4m [m[37m[40m[24;67H2-13[14;17H[?25h[?25l[24;67H1-12[14;16H[?25h[?25l[4m;[m[37m[40m[24;67H2-13[14;17H[?25h[?25l[24;67H3-14[14;18H[?25h[?25l[14;5H  cout << [1m[35m1[m[37m[40m; [14;18H[K[15;5H[4m                                                                            [m[37m[40m[24;64H5,1    [15;5H[?25h[?25l[15;5H[K[16;5H[4m                                                                            [m[37m[40m[24;64H6[16;5H[?25h[?25l[15;5H[4m                                                                            [m[37m[40m[16;5H[K[24;64H5[15;5H[?25h[?25l[14;5H[4m  cout << [m[37m[40m[1m[4m[35m1[m[37m[40m[4m;                                                                [m[37m[40m[15;5H[K[24;64H4,13-14[14;18H[?25h[?25l[24;67H2-13[14;17H[?25h[?25l[24;67H1-12[14;16H[?25h[?25l[24;67H2-13[14;17H[?25h[?25l[24;67H1-12[14;16H[?25h[?25l[4m ;[m[37m[40m[24;67H2-13[14;17H[?25h[?25l[24;67H1-12[14;16H[?25h[?25l[24;67H0-11[14;15H[?25h[?25l[24;66H9-10 [14;14H[?25h[?25l[24;66H10-11[14;15H[?25h[?25l[24;67H1-12[14;16H[?25h[?25l[24;67H2-13[14;17H[?25h[?25l[24;67H3-14[14;18H[?25h[?25l[24;67H4-15[14;19H[?25h[?25l[24;67H3-14[14;18H[?25h[?25l[24;67H2-13[14;17H[?25h[?25l[4m; [m[37m[40m[24;67H1-12[14;16H[?25h[?25l[24;67H2-13[14;17H[?25h[?25l[24;67H1-12[14;16H[?25h[?25l[24;67H0-11[14;15H[?25h[?25l[24;1H[K[14;15H[1m[4m[35m""1[m[37m[40m[4m;[m[37m[40m[24;63H14,11-12     ÂÖ®ÈÉ®[14;16H[?25h[?25l[24;1H[1m-- ÊèíÂÖ• --[m[37m[40m[24;63H[K[24;63H14,11-12     ÂÖ®ÈÉ®[14;16H[?25h[?25l[24;67H2-13[14;17H[?25h[?25l[1m[4m[35m1; [m[37m[40m[24;67H1-12[14;16H[?25h[?25l[24;67H2-13[14;17H[?25h[?25l[24;1H[K[14;17H[1m[4m[35m""; [m[37m[40m[24;63H14,13-14     ÂÖ®ÈÉ®[14;18H[?25h[?25l[24;1H[1m-- ÊèíÂÖ• --[m[37m[40m[24;63H[K[24;63H14,13-14     ÂÖ®ÈÉ®[14;18H[?25h[?25l[24;67H4-15[14;19H[?25h[?25l[4m;   [m[37m[40m[24;67H3-14[14;18H[?25h[?25l[24;67H4-15[14;19H[?25h[?25l[14;5H  cout << [1m[35m"1"[m[37m[40m; [14;20H[K[15;5H[4m                                                                            [m[37m[40m[24;64H5,1    [15;5H[?25h[?25l[15;5H[K[16;5H[4m                                                                            [m[37m[40m[24;64H6[16;5H[?25h[?25l[16;5H[K[17;5H[4m                                                                            [m[37m[40m[24;64H7[17;5H[?25h[?25l[17;5H[K[18;5H[4m                                                                            [m[37m[40m[24;64H8[18;5H[?25h[?25l[18;5H[K[19;5H[4m                                                                            [m[37m[40m[24;64H9[19;5H[?25h[?25l[18;5H[4m                                                                            [m[37m[40m[19;5H  [33mreturn[m[37m[40m [1m[35m0[m[37m[40m;[19;16H[K[20;5H}[20;7H[K[21;1H[1m[34m~                                                                               [m[37m[40m[24;64H8[18;5H[?25h[?25l[17;5H[4m                                                                            [m[37m[40m[18;5H  [33mreturn[m[37m[40m [1m[35m0[m[37m[40m;[18;16H[K[19;5H}[19;7H[K[20;1H[1m[34m~                                                                               [m[37m[40m[24;64H7[17;5H[?25h[?25l[16;5H[4m                                                                            [m[37m[40m[17;5H  [33mreturn[m[37m[40m [1m[35m0[m[37m[40m;[17;16H[K[18;5H}[18;7H[K[19;1H[1m[34m~                                                                               [m[37m[40m[24;64H6[16;5H[?25h[?25l[15;5H[4m                                                                            [m[37m[40m[16;5H  [33mreturn[m[37m[40m [1m[35m0[m[37m[40m;[16;16H[K[17;5H}[17;7H[K[18;1H[1m[34m~                                                                               [m[37m[40m[24;64H5[15;5H[?25h[24;1H[K[15;5H[?25l[24;63H15,0-1[7CÂÖ®ÈÉ®[15;5H[?25h[?25l[24;63H[K[24;1H:[?2004h[?25hw[?25l[?25hq[?25l[?25h[?25l[?2004l"lab1.cpp" 17L, 210C Â∑≤ÂØ´ÂÖ•
[39;49m[?2004l[?1l>[?25h[?1049l]0;~/lab1/lab1
[32muser@Happy [33m~/lab1/lab1[0m
$ g++ - o[K[Ko lab1 lasb1[K[K[K1.cpp
[01m[Kg++:[m[K [01;31m[KÈåØË™§Ôºö[m[Kla1.cpp: No such file or directory
[01m[Kg++:[m[K [01;31m[KÂö¥ÈáçÈåØË™§Ôºö[m[KÊ≤íÊúâËº∏ÂÖ•Ê™îÊ°à
Á∑®Ë≠ØÊèíÊñ∑„ÄÇ
]0;~/lab1/lab1
[32muser@Happy [33m~/lab1/lab1[0m
$ ls
lab1.cpp  lab1.script  README.md
]0;~/lab1/lab1
[32muser@Happy [33m~/lab1/lab1[0m
$ lsg++ -o lab1 la1.cppb1.cpp
]0;~/lab1/lab1
[32muser@Happy [33m~/lab1/lab1[0m
$ g++ -o lab1 lab1.cpp[K[K[K[K[K[K[K[K[K[K[K[K[K[K[K[K[K[K[K[Kls
lab1.cpp  lab1.exe  lab1.script  README.md
]0;~/lab1/lab1
[32muser@Happy [33m~/lab1/lab1[0m
$ lab1 [K.[K[K[K[K[K./lab.exe[K[K[K[K1.exe
1 2 22
2211341752261340201051684211]0;~/lab1/lab1
[32muser@Happy [33m~/lab1/lab1[0m
$ v[Kvim lab.c[K[K1.cpp
[?2004h[?1049h[?1h=[?2004h[1;24r[?12h[?12l[27m[23m[29m[m[37m[40m[H[2J[?25l[24;1H"lab1.cpp" 17L, 210C[2;1H‚ñΩ[6n[2;1H  [1;1H[>c]10;?]11;?[1;1H[1m[33m  1 [m[37m[40m[1m[34m#include[m[37m[40m[1m[35m<iostream>[m[37m[40m
[1m[33m  2 [m[37m[40m[33musing[m[37m[40m [32mnamespace[m[37m[40m std;
[1m[33m  3 [m[37m[40m[32mint[m[37m[40m main(){
[1m[33m  4 [m[37m[40m  [32mint[m[37m[40m num;
[1m[33m  5 [m[37m[40m  cin >> num;
[1m[33m  6 [m[37m[40m  cout << num;
[1m[33m  7 [m[37m[40m  [33mwhile[m[37m[40m(num!=[1m[35m1[m[37m[40m){
[1m[33m  8 [m[37m[40m    [33mif[m[37m[40m(num%[1m[35m2[m[37m[40m){
[1m[33m  9 [m[37m[40m      num = num*[1m[35m3[m[37m[40m + [1m[35m1[m[37m[40m;
[1m[33m 10 [m[37m[40m    }
[1m[33m 11 [m[37m[40m    [33melse[m[37m[40m num = num/[1m[35m2[m[37m[40m;
[1m[33m 12 [m[37m[40m    cout << num;
[1m[33m 13 [m[37m[40m  }
[1m[33m 14 [m[37m[40m  cout << [1m[35m"1"[m[37m[40m;
[1m[33m 15 [m[37m[40m[4m                                                                            [m[37m[40m[16;1H[1m[33m 16 [m[37m[40m  [33mreturn[m[37m[40m [1m[35m0[m[37m[40m;
[1m[33m 17 [m[37m[40m}
[1m[34m~                                                                               [19;1H~                                                                               [20;1H~                                                                               [21;1H~                                                                               [22;1H~                                                                               [23;1H~                                                                               [m[37m[40m[24;63H15,0-1[7CÂÖ®ÈÉ®[15;5H[?25h[?25l[14;5H[4m  cout << [m[37m[40m[1m[4m[35m"1"[m[37m[40m[4m;                                                              [m[37m[40m[15;5H[K[24;64H4,1-2[14;6H[?25h[?25l[13;5H[4m  }                                                                         [m[37m[40m[14;5H  cout << [1m[35m"1"[m[37m[40m; [14;20H[K[24;64H3[13;6H[?25h[?25l[12;5H[4m    cout << num;                                                            [m[37m[40m[13;5H  } [13;9H[K[24;64H2[12;6H[?25h[?25l[11;5H[4m    [m[37m[40m[4m[33melse[m[37m[40m[4m num = num/[m[37m[40m[1m[4m[35m2[m[37m[40m[4m;                                                       [m[37m[40m[12;5H    cout << num;[12;21H[K[24;64H1[11;6H[?25h[?25l[10;5H[4m    }                                                                       [m[37m[40m[11;5H    [33melse[m[37m[40m num = num/[1m[35m2[m[37m[40m;[11;26H[K[24;64H0[10;6H[?25h[?25l[9;5H[4m      num = num*[m[37m[40m[1m[4m[35m3[m[37m[40m[4m + [m[37m[40m[1m[4m[35m1[m[37m[40m[4m;                                                      [m[37m[40m[10;5H    }[10;10H[K[24;63H9,1-2 [9;6H[?25h[?25l[8;5H[4m    [m[37m[40m[4m[33mif[m[37m[40m[4m(num%[m[37m[40m[1m[4m[35m2[m[37m[40m[4m){                                                              [m[37m[40m[9;5H      num = num*[1m[35m3[m[37m[40m + [1m[35m1[m[37m[40m;[9;27H[K[24;63H8[8;6H[?25h[?25l[7;5H[4m  [m[37m[40m[4m[33mwhile[m[37m[40m[4m(num!=[m[37m[40m[1m[4m[35m1[m[37m[40m[4m){                                                            [m[37m[40m[8;5H    [33mif[m[37m[40m(num%[1m[35m2[m[37m[40m){[8;19H[K[24;63H7[7;6H[?25h[?25l[6;5H[4m  cout << num;                                                              [m[37m[40m[7;5H  [33mwhile[m[37m[40m(num!=[1m[35m1[m[37m[40m){[7;21H[K[24;63H6[6;6H[?25h[?25l[5;5H[4m  cin >> num;                                                               [m[37m[40m[6;5H  cout << num;[6;19H[K[24;63H5[5;6H[?25h[?25l[4;5H[4m  [m[37m[40m[4m[32mint[m[37m[40m[4m num;                                                                  [m[37m[40m[5;5H  cin >> num;[5;18H[K[24;63H4[4;6H[?25h[?25l[3;5H[4m[32mint[m[37m[40m[4m main(){                                                                 [m[37m[40m[4;5H  [32mint[m[37m[40m num;[4;15H[K[24;63H3,1  [3;5H[?25h[?25l[2;5H[4m[33musing[m[37m[40m[4m [m[37m[40m[4m[32mnamespace[m[37m[40m[4m std;                                                        [m[37m[40m[3;5H[32mint[m[37m[40m main(){[3;16H[K[24;63H2[2;5H[?25h[?25l[1;5H[1m[4m[34m#include[m[37m[40m[1m[4m[35m<iostream>[m[37m[40m[4m                                                          [m[37m[40m[2;5H[33musing[m[37m[40m [32mnamespace[m[37m[40m std;[2;25H[K[24;63H1[1;5H[?25h[?25l[1m[34m#include[m[37m[40m[1m[35m<iostream>[m[37m[40m[1;23H[K[2;5H[4m[33musing[m[37m[40m[4m [m[37m[40m[4m[32mnamespace[m[37m[40m[4m std;                                                        [m[37m[40m[24;63H2[2;5H[?25h[?25l[33musing[m[37m[40m [32mnamespace[m[37m[40m std;[2;25H[K[3;5H[4m[32mint[m[37m[40m[4m main(){                                                                 [m[37m[40m[24;63H3[3;5H[?25h[?25l[32mint[m[37m[40m main(){[3;16H[K[4;5H[4m  [m[37m[40m[4m[32mint[m[37m[40m[4m num;                                                                  [m[37m[40m[24;63H4,1-2[4;6H[?25h[?25l  [32mint[m[37m[40m num;[4;15H[K[5;5H[4m  cin >> num;                                                               [m[37m[40m[24;63H5[5;6H[?25h[?25l[24;65H2-3[5;7H[?25h[?25l[24;65H3-4[5;8H[?25h[?25l[24;65H4-5[5;9H[?25h[?25l[24;65H5-6[5;10H[?25h[?25l[24;65H6-7[5;11H[?25h[?25l[24;65H7-8[5;12H[?25h[?25l[5;5H  cin >> num;[5;18H[K[6;5H[4m  cout << num;                                                              [m[37m[40m[24;63H6[6;12H[?25h[?25l[6;5H  cout << num;[6;19H[K[7;5H[4m  [m[37m[40m[4m[33mwhile[m[37m[40m[4m[46m([m[37m[40m[4mnum!=[m[37m[40m[1m[4m[35m1[m[37m[40m[4m[46m)[m[37m[40m[4m{                                                            [m[37m[40m[24;63H7[7;12H[?25h[?25l[7;5H  [33mwhile[m[37m[40m(num!=[1m[35m1[m[37m[40m){[7;21H[K[8;5H[4m    [m[37m[40m[4m[33mif[m[37m[40m[4m(num%[m[37m[40m[1m[4m[35m2[m[37m[40m[4m){                                                              [m[37m[40m[24;63H8,6[8;12H[?25h[?25l[8;5H    [33mif[m[37m[40m(num%[1m[35m2[m[37m[40m){[8;19H[K[9;5H[4m      num = num*[m[37m[40m[1m[4m[35m3[m[37m[40m[4m + [m[37m[40m[1m[4m[35m1[m[37m[40m[4m;                                                      [m[37m[40m[24;63H9,5[9;12H[?25h[?25l[8;18H[46m{[m[37m[40m[9;5H      num = num*[1m[35m3[m[37m[40m + [1m[35m1[m[37m[40m;[9;27H[K[10;5H[4m    [m[37m[40m[4m[46m}[m[37m[40m[4m                                                                       [m[37m[40m[24;63H10,3-5[10;9H[?25h[?25l[8;18H{[10;5H    }[10;10H[K[11;5H[4m    [m[37m[40m[4m[33melse[m[37m[40m[4m num = num/[m[37m[40m[1m[4m[35m2[m[37m[40m[4m;                                                       [m[37m[40m[24;64H1,6-8[11;12H[?25h[?25l[24;66H7-9[11;13H[?25h[?25l[11;5H    [33melse[m[37m[40m num = num/[1m[35m2[m[37m[40m;[11;26H[K[12;5H[4m    cout << num;                                                            [m[37m[40m[24;64H2[12;13H[?25h[?25l[24;66H8-10[12;14H[?25h[?25l[24;66H9-11[12;15H[?25h[?25l[24;66H10-12[12;16H[?25h[?25l[24;67H1-13[12;17H[?25h[?25l[24;67H2-14[12;18H[?25h[?25l[24;67H3-15[12;19H[?25h[?25l[24;67H4-16[12;20H[?25h[?25l[12;5H    cout << num;[12;21H[K[13;5H[4m  }                                                                         [m[37m[40m[24;64H3,1-2  [13;6H[?25h[?25l[12;5H[4m    cout << num;                                                            [m[37m[40m[13;5H  } [13;9H[K[24;64H2[12;6H[?25h[?25l[11;5H[4m    [m[37m[40m[4m[33melse[m[37m[40m[4m num = num/[m[37m[40m[1m[4m[35m2[m[37m[40m[4m;                                                       [m[37m[40m[12;5H    cout << num;[12;21H[K[24;64H1[11;6H[?25h[?25l[10;5H[4m    }                                                                       [m[37m[40m[11;5H    [33melse[m[37m[40m num = num/[1m[35m2[m[37m[40m;[11;26H[K[24;64H0[10;6H[?25h[?25l[9;5H[4m      num = num*[m[37m[40m[1m[4m[35m3[m[37m[40m[4m + [m[37m[40m[1m[4m[35m1[m[37m[40m[4m;                                                      [m[37m[40m[10;5H    }[10;10H[K[24;63H9,1-2 [9;6H[?25h[?25l[8;5H[4m    [m[37m[40m[4m[33mif[m[37m[40m[4m(num%[m[37m[40m[1m[4m[35m2[m[37m[40m[4m){                                                              [m[37m[40m[9;5H      num = num*[1m[35m3[m[37m[40m + [1m[35m1[m[37m[40m;[9;27H[K[24;63H8[8;6H[?25h[?25l[7;5H[4m  [m[37m[40m[4m[33mwhile[m[37m[40m[4m(num!=[m[37m[40m[1m[4m[35m1[m[37m[40m[4m){                                                            [m[37m[40m[8;5H    [33mif[m[37m[40m(num%[1m[35m2[m[37m[40m){[8;19H[K[24;63H7[7;6H[?25h[?25l[6;5H[4m  cout << num;                                                              [m[37m[40m[7;5H  [33mwhile[m[37m[40m(num!=[1m[35m1[m[37m[40m){[7;21H[K[24;63H6[6;6H[?25h[?25l[5;5H[4m  cin >> num;                                                               [m[37m[40m[6;5H  cout << num;[6;19H[K[24;63H5[5;6H[?25h[?25l[4;5H[4m  [m[37m[40m[4m[32mint[m[37m[40m[4m num;                                                                  [m[37m[40m[5;5H  cin >> num;[5;18H[K[24;63H4[4;6H[?25h[?25l  [32mint[m[37m[40m num;[4;15H[K[5;5H[4m  cin >> num;                                                               [m[37m[40m[24;63H5[5;6H[?25h[?25l  cin >> num;[5;18H[K[6;5H[4m  cout << num;                                                              [m[37m[40m[24;63H6[6;6H[?25h[?25l  cout << num;[6;19H[K[7;5H[4m  [m[37m[40m[4m[33mwhile[m[37m[40m[4m(num!=[m[37m[40m[1m[4m[35m1[m[37m[40m[4m){                                                            [m[37m[40m[24;63H7[7;6H[?25h[?25l[24;65H2-3[7;7H[?25h[?25l[24;65H3-4[7;8H[?25h[?25l[24;65H4-5[7;9H[?25h[?25l[24;65H5-6[7;10H[?25h[?25l[24;65H6-7[7;11H[?25h[?25l[1C[4m[46m([6C)[m[37m[40m[24;65H7-8[7;12H[?25h[?25l[4m([6C)[m[37m[40m[24;65H8-9[7;13H[?25h[?25l[24;65H9-10[7;14H[?25h[?25l[24;65H10-11[7;15H[?25h[?25l[24;66H1-12[7;16H[?25h[?25l[24;66H2-13[7;17H[?25h[?25l[24;66H3-14[7;18H[?25h[?25l[7;5H  [33mwhile[m[37m[40m(num!=[1m[35m1[m[37m[40m){[7;21H[K[8;5H[4m    [m[37m[40m[4m[33mif[m[37m[40m[4m(num%[m[37m[40m[1m[4m[35m2[m[37m[40m[4m)[m[37m[40m[4m[46m{[m[37m[40m[4m                                                              [m[37m[40m[10;9H[46m}[m[37m[40m[24;63H8,12[8;18H[?25h[?25l[8;5H    [33mif[m[37m[40m(num%[1m[35m2[m[37m[40m){[8;19H[K[9;5H[4m      num = num*[m[37m[40m[1m[4m[35m3[m[37m[40m[4m + [m[37m[40m[1m[4m[35m1[m[37m[40m[4m;                                                      [m[37m[40m[10;9H}[24;63H9,11[9;18H[?25h[?25l[8;18H[46m{[m[37m[40m[9;5H      num = num*[1m[35m3[m[37m[40m + [1m[35m1[m[37m[40m;[9;27H[K[10;5H[4m    [m[37m[40m[4m[46m}[m[37m[40m[4m                                                                       [m[37m[40m[24;63H10,3-5 [10;9H[?25h[?25l[8;18H{[10;5H    }[10;10H[K[11;5H[4m    [m[37m[40m[4m[33melse[m[37m[40m[4m num = num/[m[37m[40m[1m[4m[35m2[m[37m[40m[4m;                                                       [m[37m[40m[24;64H1,12-14[11;18H[?25h[?25l[11;5H    [33melse[m[37m[40m num = num/[1m[35m2[m[37m[40m;[11;26H[K[12;5H[4m    cout << num;                                                            [m[37m[40m[24;64H2[12;18H[?25h[?25l[12;5H    cout << num;[12;21H[K[13;5H[4m  }                                                                         [m[37m[40m[24;64H3,3-4  [13;8H[?25h[?25l  } [13;9H[K[14;5H[4m  cout << [m[37m[40m[1m[4m[35m"1"[m[37m[40m[4m;                                                              [m[37m[40m[24;64H4,13-14[14;18H[?25h[?25l[24;67H4-15[14;19H[?25h[?25l[24;67H3-14[14;18H[?25h[?25l[24;67H2-13[14;17H[?25h[?25l[24;67H1-12[14;16H[?25h[?25l[24;67H0-11[14;15H[?25h[?25l[24;66H9-10 [14;14H[?25h[?25l[24;66H8-9 [14;13H[?25h[?25l[24;66H7-8[14;12H[?25h[?25l[24;66H6-7[14;11H[?25h[?25l[24;66H5-6[14;10H[?25h[?25l[24;66H4-5[14;9H[?25h[?25l[24;66H3-4[14;8H[?25h[?25l[24;66H2-3[14;7H[?25h[?25l[24;66H3-4[14;8H[?25h[?25l[24;66H4-5[14;9H[?25h[?25l[24;66H5-6[14;10H[?25h[?25l[24;66H6-7[14;11H[?25h[?25l[24;66H7-8[14;12H[?25h[?25l[24;66H8-9[14;13H[?25h[?25l[24;66H9-10[14;14H[?25h[?25l[24;66H10-11[14;15H[?25h[?25l[24;67H1-12[14;16H[?25h[?25l[24;67H2-13[14;17H[?25h[?25l[24;67H3-14[14;18H[?25h[?25l[24;67H4-15[14;19H[?25h[?25l[24;67H3-14[14;18H[?25h[?25l[24;67H2-13[14;17H[?25h[?25l[24;1H[1m-- ÊèíÂÖ• --[m[37m[40m[24;12H[K[24;63H14,13-14     ÂÖ®ÈÉ®[14;18H[?25h[?25l[24;67H2-13[14;17H[?25h[?25l[24;67H3-14[14;18H[?25h[?25l[1m[4m[35m; [m[37m[40m[24;67H2-13[14;17H[?25h[?25l[1m[4m[35m; [m[37m[40m[4m  [m[37m[40m[24;67H1-12[14;16H[?25h[?25l[4m;   [m[37m[40m[24;67H0-11[14;15H[?25h[?25l[4me;[m[37m[40m[24;67H1-12[14;16H[?25h[?25l[4mn;[m[37m[40m[24;67H2-13[14;17H[?25h[?25l[4md;[m[37m[40m[24;67H3-14[14;18H[?25h[?25l[4m1;[m[37m[40m[24;67H4-15[14;19H[?25h[?25l[4m; [m[37m[40m[24;67H3-14[14;18H[?25h[?25l[4ml;[m[37m[40m[24;67H4-15[14;19H[?25h[?25l[24;67H5-16[14;20H[?25h[?25l[4ma[m[37m[40m[24;67H6-17[14;21H[?25h[?25l[24;67H5-16[14;20H[?25h[?25l[24;67H6-17[14;21H[?25h[?25l[4m [m[37m[40m[24;67H5-16[14;20H[?25h[?25l[24;67H4-15[14;19H[?25h[?25l[4m; [m[37m[40m[24;67H3-14[14;18H[?25h[?25l[4m; [m[37m[40m[24;67H2-13[14;17H[?25h[?25l[4m; [m[37m[40m[24;67H1-12[14;16H[?25h[?25l[4m; [m[37m[40m[24;67H0-11[14;15H[?25h[?25l[4mf;[m[37m[40m[24;67H1-12[14;16H[?25h[?25l[4m; [m[37m[40m[24;67H0-11[14;15H[?25h[?25l[4me;[m[37m[40m[24;67H1-12[14;16H[?25h[?25l[4mn;[m[37m[40m[24;67H2-13[14;17H[?25h[?25l[4md;[m[37m[40m[24;67H3-14[14;18H[?25h[?25l[4ml;[m[37m[40m[24;67H4-15[14;19H[?25h[?25l[13;5H[4m  }                                                                         [m[37m[40m[14;5H  cout << endl; [14;21H[K[24;64H3,4-5  [13;9H[?25h[?25l[12;5H[4m    cout << num;                                                            [m[37m[40m[13;5H  } [13;9H[K[24;64H2,13-15[12;19H[?25h[?25l[11;5H[4m    [m[37m[40m[4m[33melse[m[37m[40m[4m num = num/[m[37m[40m[1m[4m[35m2[m[37m[40m[4m;                                                       [m[37m[40m[12;5H    cout << num;[12;21H[K[24;64H1[11;19H[?25h[?25l[11;5H   